exit
ls
pwd
clear
uptime
exit
ls
clear
w
exit
clear
clear
ls
clear
pwd
cd
clear
cd Desktop
ls
ls -help
ls --help
man ls
help ls
clear
ls
ls -l
ls -l -h
clear
ls -F
ls --color
ls
clear
ls
ls workshop_notes
clear
pwd
ls
cd shell-lesson-data/
ls
cd exercise-data/
ls
cd writing/
ls -F
mkdir thesis
ls
ls -F
cd thesis
ls
clear
nano draft.txt
nano draft.txt
ls
cat draft.txt 
touch my_file.txt
ls
cat my_file.txt 
mv draft.txt quotes.txt
ls
cat quotes.txt 
ls
ls .
ls ..
ls ../..
cd ..
ls
pwd
cp thesis/quotes.txt ./quotations.txt
ls
cat quotations.txt 
